MARCA DO VEICULO: VW
MODELO DO VEICULO: NAO PREENCHIDO
ANO DE FABRICACAO: 2007
NOME DA CIDADE: RIO DE JANEIRO
QUANTIDADE DE VEICULOS: 32

