MARCA DO VEICULO: HONDA
MODELO DO VEICULO: NXR160 BROS ESDD
ANO DE FABRICACAO: 2020
NOME DA CIDADE: MESQUITA
QUANTIDADE DE VEICULOS: 21

