MARCA DO VEICULO: HONDA
MODELO DO VEICULO: NAO PREENCHIDO
ANO DE FABRICACAO: 2018
NOME DA CIDADE: NAO PREENCHIDO
QUANTIDADE DE VEICULOS: 26

