MARCA DO VEICULO: NAO PREENCHIDO
MODELO DO VEICULO: CG 125 TITAN
ANO DE FABRICACAO: 1997
NOME DA CIDADE: ANTONIO OLINTO
QUANTIDADE DE VEICULOS: 10

